// 重构日志: 9484093d
// 重构日志: a3a64ce5
// 同步 ID: 9bcc62e7 @ Fri Jul 24 05:30:11 UTC 2026
// 重构日志: 30192655
// 重构日志: cb765990
// 同步 ID: 40b2fb2c @ Sat Jul 25 12:49:31 UTC 2026
// 重构日志: b3e615c9
// 同步 ID: 3c80b7b3 @ Sat Jul 25 17:15:58 UTC 2026
// 重构日志: bc4bb96b
// 重构日志: 5e2e21b5
// 同步 ID: e62900e8 @ Mon Jul 27 09:14:32 UTC 2026
// 同步 ID: 928a68d8 @ Tue Jul 28 15:11:31 UTC 2026
// 同步 ID: 90419376 @ Wed Jul 29 13:47:52 UTC 2026
// 重构日志: 29848b32
// 重构日志: 9c3707dc
// 重构日志: e7d09c7e
// 重构日志: c6d6eac8
// 同步 ID: 3299d13d @ Sat Aug  1 11:52:22 UTC 2026
// 重构日志: 34c40069
// 重构日志: c12364af
// 重构日志: 8031b886
// 重构日志: f7d5a624
// 重构日志: fadc0fde
// 重构日志: dec6ab19
// 同步 ID: c0d41d8e @ Wed Aug  5 17:24:56 UTC 2026
// 重构日志: b06aa9f6
// 同步 ID: 79fa095f @ Thu Aug  6 11:26:26 UTC 2026
// 同步 ID: 7ecf6387 @ Fri Aug  7 04:05:26 UTC 2026
// 同步 ID: 1f69717a @ Fri Aug  7 08:56:54 UTC 2026
// 同步 ID: 093c104f @ Fri Aug  7 10:38:49 UTC 2026
// 重构日志: 3ffcd589
